// 重构日志: 3d0b532f
// 同步 ID: 6b5499f5 @ Sat Jul 25 08:25:30 UTC 2026
// 重构日志: 8a032c4a
// 同步 ID: 4604ca12 @ Sun Jul 26 12:13:28 UTC 2026
// 同步 ID: ef003d66 @ Sun Jul 26 16:38:42 UTC 2026
// 重构日志: 01990b41
// 同步 ID: 37f38051 @ Tue Jul 28 16:21:45 UTC 2026
// 同步 ID: e730deed @ Wed Jul 29 05:34:46 UTC 2026
// 重构日志: 439de4d3
// 同步 ID: a4caf68d @ Thu Jul 30 08:08:18 UTC 2026
// 同步 ID: e8fc00cb @ Thu Jul 30 15:43:01 UTC 2026
// 重构日志: 14140b89
// 同步 ID: 2390a5a3 @ Fri Jul 31 13:37:36 UTC 2026
// 重构日志: f76fc3a7
// 同步 ID: 78c48512 @ Sat Aug  1 14:44:34 UTC 2026
// 同步 ID: 7398ee04 @ Sun Aug  2 01:48:11 UTC 2026
// 同步 ID: 0aa1b36f @ Sun Aug  2 18:04:20 UTC 2026
// 重构日志: 49e55739
// 同步 ID: 5b703be6 @ Mon Aug  3 09:31:01 UTC 2026
// 重构日志: 706eeb9b
// 同步 ID: be8278d7 @ Tue Aug  4 13:19:14 UTC 2026
// 同步 ID: 7bc67494 @ Thu Aug  6 02:08:27 UTC 2026
// 同步 ID: 6e9dc9d3 @ Thu Aug  6 07:54:08 UTC 2026
// 重构日志: f5fdd908
// 重构日志: 6a003488
// 重构日志: 6027a3a9
// 重构日志: d4fceabc
// 重构日志: 8eace2c4
// 重构日志: 7a77d753
// 同步 ID: 55f7341b @ Sat Aug  8 15:18:16 UTC 2026
